
===========================================================================
 report_power
============================================================================
======================= nom_ss_100C_1v60 Corner ===================================

Group                    Internal    Switching      Leakage        Total
                            Power        Power        Power        Power (Watts)
------------------------------------------------------------------------
Sequential           2.730566e-03 4.437534e-04 6.391331e-05 3.238233e-03  49.0%
Combinational        8.008624e-04 6.845810e-04 5.833520e-05 1.543779e-03  23.4%
Clock                9.798598e-04 8.409290e-04 8.379637e-06 1.829169e-03  27.7%
Macro                0.000000e+00 0.000000e+00 0.000000e+00 0.000000e+00   0.0%
Pad                  0.000000e+00 0.000000e+00 0.000000e+00 0.000000e+00   0.0%
------------------------------------------------------------------------
Total                4.511288e-03 1.969261e-03 1.306301e-04 6.611179e-03 100.0%
                            68.2%        29.8%         2.0%

