┏━━━━━━━┳━━━━━━━━━┳━━━━━━━━━━┳━━━━━━━━━━━━━━━━━━━━━━━━━━━━━━━┳━━━━━━━━━━━━━━━━━┳━━━━━━━┓
┃ P / R ┃ Partial ┃ Required ┃ Net                           ┃ Pin             ┃ Layer ┃
┡━━━━━━━╇━━━━━━━━━╇━━━━━━━━━━╇━━━━━━━━━━━━━━━━━━━━━━━━━━━━━━━╇━━━━━━━━━━━━━━━━━╇━━━━━━━┩
│ 1.92  │ 768.43  │ 400.00   │ systolic_inst.load_acc        │ _20619_/B1      │ met1  │
│ 1.60  │ 639.89  │ 400.00   │ systolic_inst.B_shift[3\][4\] │ _20839_/A1      │ met1  │
│ 1.33  │ 530.94  │ 400.00   │ systolic_inst.B_outs[3\][2\]  │ _18413_/A1      │ met1  │
│ 1.27  │ 509.56  │ 400.00   │ systolic_inst.B_outs[3\][4\]  │ _18415_/A1      │ met1  │
│ 1.22  │ 486.93  │ 400.00   │ _10501_                       │ _23945_/A0      │ met1  │
│ 1.17  │ 466.04  │ 400.00   │ net150                        │ _28026_/RESET_B │ met1  │
│ 1.17  │ 466.04  │ 400.00   │ net150                        │ _28518_/RESET_B │ met1  │
│ 1.17  │ 466.04  │ 400.00   │ net150                        │ _28520_/RESET_B │ met1  │
│ 1.10  │ 440.83  │ 400.00   │ systolic_inst.A_outs[6\][7\]  │ _19018_/A1      │ met1  │
│ 1.10  │ 439.67  │ 400.00   │ systolic_inst.A_outs[3\][1\]  │ _21645_/A_N     │ met1  │
│ 1.07  │ 426.99  │ 400.00   │ systolic_inst.A_outs[10\][0\] │ _17259_/C       │ met1  │
│ 1.06  │ 424.46  │ 400.00   │ systolic_inst.load_acc        │ _17575_/B1      │ met1  │
│ 1.02  │ 408.87  │ 400.00   │ _10481_                       │ _23897_/A0      │ met1  │
└───────┴─────────┴──────────┴───────────────────────────────┴─────────────────┴───────┘
