Clock: clk
Sources: clk 
Generated: no
Virtual: yes
Propagated: no
Period: 10.000000

===========================================================================
report_clock_properties
============================================================================
Clock                   Period          Waveform
----------------------------------------------------
clk                  10.000000    0.000000  5.000000

===========================================================================
report_clock_latency
============================================================================
Clock clk
rise -> rise
    min     max
0.000000 0.000000 source latency
0.193515         network latency _1392_/CLK
        0.197827 network latency _1396_/CLK
---------------
0.193515 0.197827 latency
        0.004311 skew

fall -> fall
    min     max
0.000000 0.000000 source latency
0.206860         network latency _1392_/CLK
        0.210057 network latency _1396_/CLK
---------------
0.206860 0.210057 latency
        0.003197 skew



===========================================================================
report_clock_min_period
============================================================================
clk period_min = 1.28 fmax = 784.23
Clock: A_in_serial_clk
Sources: A_in_serial_clk 
Generated: no
Virtual: yes
Propagated: no
Period: 2.000000

===========================================================================
report_clock_properties
============================================================================
Clock                   Period          Waveform
----------------------------------------------------
A_in_serial_clk       2.000000    0.000000  1.000000

===========================================================================
report_clock_latency
============================================================================
Clock A_in_serial_clk
rise -> rise
    min     max
0.000000 0.000000 source latency
0.234947         network latency _1098_/CLK
        0.243717 network latency _1089_/CLK
---------------
0.234947 0.243717 latency
        0.008770 skew

fall -> fall
    min     max
0.000000 0.000000 source latency
0.231734         network latency _1098_/CLK
        0.238221 network latency _1089_/CLK
---------------
0.231734 0.238221 latency
        0.006487 skew



===========================================================================
report_clock_min_period
============================================================================
A_in_serial_clk period_min = 0.99 fmax = 1006.22
Clock: B_in_serial_clk
Sources: B_in_serial_clk 
Generated: no
Virtual: yes
Propagated: no
Period: 2.000000

===========================================================================
report_clock_properties
============================================================================
Clock                   Period          Waveform
----------------------------------------------------
B_in_serial_clk       2.000000    0.000000  1.000000

===========================================================================
report_clock_latency
============================================================================
Clock B_in_serial_clk
rise -> rise
    min     max
0.000000 0.000000 source latency
0.240913         network latency _1329_/CLK
        0.246440 network latency _1368_/CLK
---------------
0.240913 0.246440 latency
        0.005528 skew

fall -> fall
    min     max
0.000000 0.000000 source latency
0.235479         network latency _1329_/CLK
        0.239595 network latency _1368_/CLK
---------------
0.235479 0.239595 latency
        0.004117 skew



===========================================================================
report_clock_min_period
============================================================================
B_in_serial_clk period_min = 0.98 fmax = 1024.07
