
===========================================================================
 report_power
============================================================================
======================= min_ff_n40C_1v95 Corner ===================================

Group                    Internal    Switching      Leakage        Total
                            Power        Power        Power        Power (Watts)
------------------------------------------------------------------------
Sequential           9.894614e-03 1.466430e-03 5.207013e-09 1.136105e-02  50.6%
Combinational        3.622122e-03 1.626914e-03 6.305425e-09 5.249043e-03  23.4%
Clock                3.359284e-03 2.480603e-03 5.586742e-09 5.839892e-03  26.0%
Macro                0.000000e+00 0.000000e+00 0.000000e+00 0.000000e+00   0.0%
Pad                  0.000000e+00 0.000000e+00 0.000000e+00 0.000000e+00   0.0%
------------------------------------------------------------------------
Total                1.687603e-02 5.573946e-03 1.709921e-08 2.244999e-02 100.0%
                            75.2%        24.8%         0.0%

