Clock: clk
Sources: clk 
Generated: no
Virtual: yes
Propagated: no
Period: 100.000000

===========================================================================
report_clock_properties
============================================================================
Clock                   Period          Waveform
----------------------------------------------------
clk                 100.000000    0.000000  5.000000

===========================================================================
report_clock_latency
============================================================================
Clock clk
rise -> rise
    min     max
0.000000 0.000000 source latency
0.787773         network latency _28007_/CLK
        1.014121 network latency _29195_/CLK
---------------
0.787773 1.014121 latency
        0.226348 skew

fall -> fall
    min     max
0.000000 0.000000 source latency
0.716626         network latency _28007_/CLK
        0.923755 network latency _29195_/CLK
---------------
0.716626 0.923755 latency
        0.207129 skew



===========================================================================
report_clock_min_period
============================================================================
clk period_min = 5.84 fmax = 171.21
Clock: A_in_serial_clk
Sources: A_in_serial_clk 
Generated: no
Virtual: yes
Propagated: no
Period: 20.000000

===========================================================================
report_clock_properties
============================================================================
Clock                   Period          Waveform
----------------------------------------------------
A_in_serial_clk      20.000000    0.000000  1.000000

===========================================================================
report_clock_latency
============================================================================
Clock A_in_serial_clk
rise -> rise
    min     max
0.000000 0.000000 source latency
0.475591         network latency _26299_/CLK
        0.511676 network latency _26226_/CLK
---------------
0.475591 0.511676 latency
        0.036085 skew

fall -> fall
    min     max
0.000000 0.000000 source latency
0.488574         network latency _26299_/CLK
        0.514286 network latency _26226_/CLK
---------------
0.488574 0.514286 latency
        0.025712 skew



===========================================================================
report_clock_min_period
============================================================================
A_in_serial_clk period_min = 3.06 fmax = 326.55
Clock: B_in_serial_clk
Sources: B_in_serial_clk 
Generated: no
Virtual: yes
Propagated: no
Period: 20.000000

===========================================================================
report_clock_properties
============================================================================
Clock                   Period          Waveform
----------------------------------------------------
B_in_serial_clk      20.000000    0.000000  1.000000

===========================================================================
report_clock_latency
============================================================================
Clock B_in_serial_clk
rise -> rise
    min     max
0.000000 0.000000 source latency
0.492571         network latency _26617_/CLK
        0.516102 network latency _26600_/CLK
---------------
0.492571 0.516102 latency
        0.023532 skew

fall -> fall
    min     max
0.000000 0.000000 source latency
0.500368         network latency _26617_/CLK
        0.517152 network latency _26600_/CLK
---------------
0.500368 0.517152 latency
        0.016785 skew



===========================================================================
report_clock_min_period
============================================================================
B_in_serial_clk period_min = 3.11 fmax = 321.70
