Clock: clk
Sources: clk 
Generated: no
Virtual: yes
Propagated: no
Period: 10.000000

===========================================================================
report_clock_properties
============================================================================
Clock                   Period          Waveform
----------------------------------------------------
clk                  10.000000    0.000000  5.000000

===========================================================================
report_clock_latency
============================================================================
Clock clk
rise -> rise
    min     max
0.000000 0.000000 source latency
0.483494         network latency _1392_/CLK
        0.490593 network latency _1396_/CLK
---------------
0.483494 0.490593 latency
        0.007099 skew

fall -> fall
    min     max
0.000000 0.000000 source latency
0.527051         network latency _1392_/CLK
        0.532434 network latency _1396_/CLK
---------------
0.527051 0.532434 latency
        0.005383 skew



===========================================================================
report_clock_min_period
============================================================================
clk period_min = 4.40 fmax = 227.43
Clock: A_in_serial_clk
Sources: A_in_serial_clk 
Generated: no
Virtual: yes
Propagated: no
Period: 2.000000

===========================================================================
report_clock_properties
============================================================================
Clock                   Period          Waveform
----------------------------------------------------
A_in_serial_clk       2.000000    0.000000  1.000000

===========================================================================
report_clock_latency
============================================================================
Clock A_in_serial_clk
rise -> rise
    min     max
0.000000 0.000000 source latency
0.584395         network latency _1098_/CLK
        0.604357 network latency _1089_/CLK
---------------
0.584395 0.604357 latency
        0.019962 skew

fall -> fall
    min     max
0.000000 0.000000 source latency
0.583906         network latency _1098_/CLK
        0.600251 network latency _1089_/CLK
---------------
0.583906 0.600251 latency
        0.016346 skew



===========================================================================
report_clock_min_period
============================================================================
A_in_serial_clk period_min = 3.11 fmax = 321.58
Clock: B_in_serial_clk
Sources: B_in_serial_clk 
Generated: no
Virtual: yes
Propagated: no
Period: 2.000000

===========================================================================
report_clock_properties
============================================================================
Clock                   Period          Waveform
----------------------------------------------------
B_in_serial_clk       2.000000    0.000000  1.000000

===========================================================================
report_clock_latency
============================================================================
Clock B_in_serial_clk
rise -> rise
    min     max
0.000000 0.000000 source latency
0.599725         network latency _1329_/CLK
        0.609923 network latency _1244_/CLK
---------------
0.599725 0.609923 latency
        0.010197 skew

fall -> fall
    min     max
0.000000 0.000000 source latency
0.595871         network latency _1329_/CLK
        0.604102 network latency _1244_/CLK
---------------
0.595871 0.604102 latency
        0.008231 skew



===========================================================================
report_clock_min_period
============================================================================
B_in_serial_clk period_min = 3.16 fmax = 316.54
