
===========================================================================
 report_power
============================================================================
======================= min_ss_100C_1v60 Corner ===================================

Group                    Internal    Switching      Leakage        Total
                            Power        Power        Power        Power (Watts)
------------------------------------------------------------------------
Sequential           6.629141e-03 9.556560e-04 6.480784e-06 7.591278e-03  49.8%
Combinational        2.605188e-03 1.039610e-03 4.734562e-06 3.649533e-03  23.9%
Clock                2.418083e-03 1.592503e-03 7.975941e-07 4.011384e-03  26.3%
Macro                0.000000e+00 0.000000e+00 0.000000e+00 0.000000e+00   0.0%
Pad                  0.000000e+00 0.000000e+00 0.000000e+00 0.000000e+00   0.0%
------------------------------------------------------------------------
Total                1.165241e-02 3.587770e-03 1.201294e-05 1.525219e-02 100.0%
                            76.4%        23.5%         0.1%

