┏━━━━━━━━━━━━━━━━━━━━━━┳━━━━━━━━━━┳━━━━━━━━━━┳━━━━━━━━━━┳━━━━━━━━━━┳━━━━━━━━━━━┳━━━━━━━━━━┳━━━━━━━━━━━┳━━━━━━━━━━┳━━━━━━━━━━━┳━━━━━━━━━━┳━━━━━━━━━━━┳━━━━━━━━━━┓
┃                      ┃ Hold     ┃ Reg to   ┃          ┃          ┃ of which  ┃ Setup    ┃           ┃          ┃           ┃ of which ┃           ┃          ┃
┃                      ┃ Worst    ┃ Reg      ┃          ┃ Hold Vio ┃ reg to    ┃ Worst    ┃ Reg to    ┃ Setup    ┃ Setup Vio ┃ reg to   ┃ Max Cap   ┃ Max Slew ┃
┃ Corner/Group         ┃ Slack    ┃ Paths    ┃ Hold TNS ┃ Count    ┃ reg       ┃ Slack    ┃ Reg Paths ┃ TNS      ┃ Count     ┃ reg      ┃ Violatio… ┃ Violati… ┃
┡━━━━━━━━━━━━━━━━━━━━━━╇━━━━━━━━━━╇━━━━━━━━━━╇━━━━━━━━━━╇━━━━━━━━━━╇━━━━━━━━━━━╇━━━━━━━━━━╇━━━━━━━━━━━╇━━━━━━━━━━╇━━━━━━━━━━━╇━━━━━━━━━━╇━━━━━━━━━━━╇━━━━━━━━━━┩
│ Overall              │ 0.1803   │ 0.1803   │ 0.0000   │ 0        │ 0         │ -4.1212  │ -4.1212   │ -741.60… │ 590       │ 590      │ 2         │ 1646     │
│ nom_tt_025C_1v80     │ 0.3488   │ 0.3488   │ 0.0000   │ 0        │ 0         │ -1.2504  │ -1.2504   │ -119.91… │ 292       │ 292      │ 2         │ 560      │
│ nom_ss_100C_1v60     │ 0.8225   │ 0.8225   │ 0.0000   │ 0        │ 0         │ -4.1212  │ -4.1212   │ -741.60… │ 292       │ 292      │ 2         │ 1646     │
│ nom_ff_n40C_1v95     │ 0.1803   │ 0.1803   │ 0.0000   │ 0        │ 0         │ -0.1018  │ -0.1018   │ -0.2641  │ 6         │ 6        │ 2         │ 414      │
└──────────────────────┴──────────┴──────────┴──────────┴──────────┴───────────┴──────────┴───────────┴──────────┴───────────┴──────────┴───────────┴──────────┘
