Clock: clk
Sources: clk 
Generated: no
Virtual: yes
Propagated: no
Period: 10.000000

===========================================================================
report_clock_properties
============================================================================
Clock                   Period          Waveform
----------------------------------------------------
clk                  10.000000    0.000000  5.000000

===========================================================================
report_clock_latency
============================================================================
Clock clk
rise -> rise
    min     max
0.000000 0.000000 source latency
0.279605         network latency _1392_/CLK
        0.285734 network latency _1396_/CLK
---------------
0.279605 0.285734 latency
        0.006129 skew

fall -> fall
    min     max
0.000000 0.000000 source latency
0.301519         network latency _1392_/CLK
        0.306158 network latency _1396_/CLK
---------------
0.301519 0.306158 latency
        0.004639 skew



===========================================================================
report_clock_min_period
============================================================================
clk period_min = 2.07 fmax = 482.41
Clock: A_in_serial_clk
Sources: A_in_serial_clk 
Generated: no
Virtual: yes
Propagated: no
Period: 2.000000

===========================================================================
report_clock_properties
============================================================================
Clock                   Period          Waveform
----------------------------------------------------
A_in_serial_clk       2.000000    0.000000  1.000000

===========================================================================
report_clock_latency
============================================================================
Clock A_in_serial_clk
rise -> rise
    min     max
0.000000 0.000000 source latency
0.345175         network latency _1098_/CLK
        0.357988 network latency _1089_/CLK
---------------
0.345175 0.357988 latency
        0.012814 skew

fall -> fall
    min     max
0.000000 0.000000 source latency
0.341686         network latency _1098_/CLK
        0.351119 network latency _1089_/CLK
---------------
0.341686 0.351119 latency
        0.009433 skew



===========================================================================
report_clock_min_period
============================================================================
A_in_serial_clk period_min = 1.56 fmax = 642.94
Clock: B_in_serial_clk
Sources: B_in_serial_clk 
Generated: no
Virtual: yes
Propagated: no
Period: 2.000000

===========================================================================
report_clock_properties
============================================================================
Clock                   Period          Waveform
----------------------------------------------------
B_in_serial_clk       2.000000    0.000000  1.000000

===========================================================================
report_clock_latency
============================================================================
Clock B_in_serial_clk
rise -> rise
    min     max
0.000000 0.000000 source latency
0.352862         network latency _1329_/CLK
        0.361338 network latency _1244_/CLK
---------------
0.352862 0.361338 latency
        0.008475 skew

fall -> fall
    min     max
0.000000 0.000000 source latency
0.346366         network latency _1329_/CLK
        0.352467 network latency _1244_/CLK
---------------
0.346366 0.352467 latency
        0.006101 skew



===========================================================================
report_clock_min_period
============================================================================
B_in_serial_clk period_min = 1.55 fmax = 644.07
