
===========================================================================
 report_power
============================================================================
======================= nom_tt_025C_1v80 Corner ===================================

Group                    Internal    Switching      Leakage        Total
                            Power        Power        Power        Power (Watts)
------------------------------------------------------------------------
Sequential           8.542881e-03 1.264071e-03 4.301913e-09 9.806957e-03  50.3%
Combinational        3.209458e-03 1.401794e-03 3.538837e-09 4.611255e-03  23.7%
Clock                2.944282e-03 2.130848e-03 3.212458e-09 5.075133e-03  26.0%
Macro                0.000000e+00 0.000000e+00 0.000000e+00 0.000000e+00   0.0%
Pad                  0.000000e+00 0.000000e+00 0.000000e+00 0.000000e+00   0.0%
------------------------------------------------------------------------
Total                1.469662e-02 4.796714e-03 1.105319e-08 1.949334e-02 100.0%
                            75.4%        24.6%         0.0%

