Clock: clk
Sources: clk 
Generated: no
Virtual: yes
Propagated: no
Period: 10.000000

===========================================================================
report_clock_properties
============================================================================
Clock                   Period          Waveform
----------------------------------------------------
clk                  10.000000    0.000000  5.000000

===========================================================================
report_clock_latency
============================================================================
Clock clk
rise -> rise
    min     max
0.000000 0.000000 source latency
0.277142         network latency _1392_/CLK
        0.282532 network latency _1396_/CLK
---------------
0.277142 0.282532 latency
        0.005390 skew

fall -> fall
    min     max
0.000000 0.000000 source latency
0.299456         network latency _1392_/CLK
        0.303515 network latency _1396_/CLK
---------------
0.299456 0.303515 latency
        0.004058 skew



===========================================================================
report_clock_min_period
============================================================================
clk period_min = 2.06 fmax = 485.28
Clock: A_in_serial_clk
Sources: A_in_serial_clk 
Generated: no
Virtual: yes
Propagated: no
Period: 2.000000

===========================================================================
report_clock_properties
============================================================================
Clock                   Period          Waveform
----------------------------------------------------
A_in_serial_clk       2.000000    0.000000  1.000000

===========================================================================
report_clock_latency
============================================================================
Clock A_in_serial_clk
rise -> rise
    min     max
0.000000 0.000000 source latency
0.339611         network latency _1098_/CLK
        0.350984 network latency _1089_/CLK
---------------
0.339611 0.350984 latency
        0.011373 skew

fall -> fall
    min     max
0.000000 0.000000 source latency
0.336757         network latency _1098_/CLK
        0.345059 network latency _1089_/CLK
---------------
0.336757 0.345059 latency
        0.008301 skew



===========================================================================
report_clock_min_period
============================================================================
A_in_serial_clk period_min = 1.55 fmax = 646.59
Clock: B_in_serial_clk
Sources: B_in_serial_clk 
Generated: no
Virtual: yes
Propagated: no
Period: 2.000000

===========================================================================
report_clock_properties
============================================================================
Clock                   Period          Waveform
----------------------------------------------------
B_in_serial_clk       2.000000    0.000000  1.000000

===========================================================================
report_clock_latency
============================================================================
Clock B_in_serial_clk
rise -> rise
    min     max
0.000000 0.000000 source latency
0.347607         network latency _1329_/CLK
        0.354483 network latency _1244_/CLK
---------------
0.347607 0.354483 latency
        0.006876 skew

fall -> fall
    min     max
0.000000 0.000000 source latency
0.341842         network latency _1329_/CLK
        0.346775 network latency _1368_/CLK
---------------
0.341842 0.346775 latency
        0.004933 skew



===========================================================================
report_clock_min_period
============================================================================
B_in_serial_clk period_min = 1.54 fmax = 651.45
