
===========================================================================
 report_power
============================================================================
======================= min_tt_025C_1v80 Corner ===================================

Group                    Internal    Switching      Leakage        Total
                            Power        Power        Power        Power (Watts)
------------------------------------------------------------------------
Sequential           8.542677e-03 1.224539e-03 4.301913e-09 9.767221e-03  50.5%
Combinational        3.207777e-03 1.358520e-03 3.538837e-09 4.566300e-03  23.6%
Clock                2.943673e-03 2.069873e-03 3.212458e-09 5.013550e-03  25.9%
Macro                0.000000e+00 0.000000e+00 0.000000e+00 0.000000e+00   0.0%
Pad                  0.000000e+00 0.000000e+00 0.000000e+00 0.000000e+00   0.0%
------------------------------------------------------------------------
Total                1.469413e-02 4.652931e-03 1.105319e-08 1.934707e-02 100.0%
                            76.0%        24.0%         0.0%

