Clock: clk
Sources: clk 
Generated: no
Virtual: yes
Propagated: no
Period: 10.000000

===========================================================================
report_clock_properties
============================================================================
Clock                   Period          Waveform
----------------------------------------------------
clk                  10.000000    0.000000  5.000000

===========================================================================
report_clock_latency
============================================================================
Clock clk
rise -> rise
    min     max
0.000000 0.000000 source latency
0.491729         network latency _1392_/CLK
        0.500908 network latency _1396_/CLK
---------------
0.491729 0.500908 latency
        0.009180 skew

fall -> fall
    min     max
0.000000 0.000000 source latency
0.534206         network latency _1392_/CLK
        0.541107 network latency _1396_/CLK
---------------
0.534206 0.541107 latency
        0.006901 skew



===========================================================================
report_clock_min_period
============================================================================
clk period_min = 4.44 fmax = 225.23
Clock: A_in_serial_clk
Sources: A_in_serial_clk 
Generated: no
Virtual: yes
Propagated: no
Period: 2.000000

===========================================================================
report_clock_properties
============================================================================
Clock                   Period          Waveform
----------------------------------------------------
A_in_serial_clk       2.000000    0.000000  1.000000

===========================================================================
report_clock_latency
============================================================================
Clock A_in_serial_clk
rise -> rise
    min     max
0.000000 0.000000 source latency
0.601622         network latency _1098_/CLK
        0.626211 network latency _1089_/CLK
---------------
0.601622 0.626211 latency
        0.024589 skew

fall -> fall
    min     max
0.000000 0.000000 source latency
0.597492         network latency _1098_/CLK
        0.618343 network latency _1089_/CLK
---------------
0.597492 0.618343 latency
        0.020851 skew



===========================================================================
report_clock_min_period
============================================================================
A_in_serial_clk period_min = 3.14 fmax = 318.51
Clock: B_in_serial_clk
Sources: B_in_serial_clk 
Generated: no
Virtual: yes
Propagated: no
Period: 2.000000

===========================================================================
report_clock_properties
============================================================================
Clock                   Period          Waveform
----------------------------------------------------
B_in_serial_clk       2.000000    0.000000  1.000000

===========================================================================
report_clock_latency
============================================================================
Clock B_in_serial_clk
rise -> rise
    min     max
0.000000 0.000000 source latency
0.616159         network latency _1329_/CLK
        0.632484 network latency _1244_/CLK
---------------
0.616159 0.632484 latency
        0.016325 skew

fall -> fall
    min     max
0.000000 0.000000 source latency
0.608846         network latency _1329_/CLK
        0.621953 network latency _1244_/CLK
---------------
0.608846 0.621953 latency
        0.013107 skew



===========================================================================
report_clock_min_period
============================================================================
B_in_serial_clk period_min = 3.21 fmax = 311.07
