
===========================================================================
 report_power
============================================================================
======================= max_ss_100C_1v60 Corner ===================================

Group                    Internal    Switching      Leakage        Total
                            Power        Power        Power        Power (Watts)
------------------------------------------------------------------------
Sequential           6.628017e-03 1.013617e-03 6.480784e-06 7.648115e-03  49.4%
Combinational        2.608293e-03 1.104094e-03 4.734562e-06 3.717121e-03  24.0%
Clock                2.419413e-03 1.686922e-03 7.975941e-07 4.107133e-03  26.5%
Macro                0.000000e+00 0.000000e+00 0.000000e+00 0.000000e+00   0.0%
Pad                  0.000000e+00 0.000000e+00 0.000000e+00 0.000000e+00   0.0%
------------------------------------------------------------------------
Total                1.165571e-02 3.804635e-03 1.201294e-05 1.547236e-02 100.0%
                            75.3%        24.6%         0.1%

