Clock: clk
Sources: clk 
Generated: no
Virtual: yes
Propagated: no
Period: 10.000000

===========================================================================
report_clock_properties
============================================================================
Clock                   Period          Waveform
----------------------------------------------------
clk                  10.000000    0.000000  5.000000

===========================================================================
report_clock_latency
============================================================================
Clock clk
rise -> rise
    min     max
0.000000 0.000000 source latency
0.195527         network latency _1392_/CLK
        0.200434 network latency _1396_/CLK
---------------
0.195527 0.200434 latency
        0.004907 skew

fall -> fall
    min     max
0.000000 0.000000 source latency
0.208625         network latency _1392_/CLK
        0.212281 network latency _1396_/CLK
---------------
0.208625 0.212281 latency
        0.003656 skew



===========================================================================
report_clock_min_period
============================================================================
clk period_min = 1.28 fmax = 779.29
Clock: A_in_serial_clk
Sources: A_in_serial_clk 
Generated: no
Virtual: yes
Propagated: no
Period: 2.000000

===========================================================================
report_clock_properties
============================================================================
Clock                   Period          Waveform
----------------------------------------------------
A_in_serial_clk       2.000000    0.000000  1.000000

===========================================================================
report_clock_latency
============================================================================
Clock A_in_serial_clk
rise -> rise
    min     max
0.000000 0.000000 source latency
0.239491         network latency _1098_/CLK
        0.249444 network latency _1089_/CLK
---------------
0.239491 0.249444 latency
        0.009953 skew

fall -> fall
    min     max
0.000000 0.000000 source latency
0.235669         network latency _1098_/CLK
        0.243202 network latency _1203_/CLK
---------------
0.235669 0.243202 latency
        0.007534 skew



===========================================================================
report_clock_min_period
============================================================================
A_in_serial_clk period_min = 1.00 fmax = 999.98
Clock: B_in_serial_clk
Sources: B_in_serial_clk 
Generated: no
Virtual: yes
Propagated: no
Period: 2.000000

===========================================================================
report_clock_properties
============================================================================
Clock                   Period          Waveform
----------------------------------------------------
B_in_serial_clk       2.000000    0.000000  1.000000

===========================================================================
report_clock_latency
============================================================================
Clock B_in_serial_clk
rise -> rise
    min     max
0.000000 0.000000 source latency
0.245126         network latency _1329_/CLK
        0.251720 network latency _1368_/CLK
---------------
0.245126 0.251720 latency
        0.006595 skew

fall -> fall
    min     max
0.000000 0.000000 source latency
0.239038         network latency _1329_/CLK
        0.244058 network latency _1368_/CLK
---------------
0.239038 0.244058 latency
        0.005020 skew



===========================================================================
report_clock_min_period
============================================================================
B_in_serial_clk period_min = 0.99 fmax = 1011.87
