
===========================================================================
 report_power
============================================================================
======================= nom_ff_n40C_1v95 Corner ===================================

Group                    Internal    Switching      Leakage        Total
                            Power        Power        Power        Power (Watts)
------------------------------------------------------------------------
Sequential           9.895281e-03 1.512824e-03 5.207013e-09 1.140811e-02  50.4%
Combinational        3.623402e-03 1.677700e-03 6.305425e-09 5.301109e-03  23.4%
Clock                3.359379e-03 2.552164e-03 5.586742e-09 5.911549e-03  26.1%
Macro                0.000000e+00 0.000000e+00 0.000000e+00 0.000000e+00   0.0%
Pad                  0.000000e+00 0.000000e+00 0.000000e+00 0.000000e+00   0.0%
------------------------------------------------------------------------
Total                1.687807e-02 5.742686e-03 1.709921e-08 2.262077e-02 100.0%
                            74.6%        25.4%         0.0%

