Clock: clk
Sources: clk 
Generated: no
Virtual: yes
Propagated: no
Period: 100.000000

===========================================================================
report_clock_properties
============================================================================
Clock                   Period          Waveform
----------------------------------------------------
clk                 100.000000    0.000000  5.000000

===========================================================================
report_clock_latency
============================================================================
Clock clk
rise -> rise
    min     max
0.000000 0.000000 source latency
0.650464         network latency _28007_/CLK
        0.847952 network latency _29338_/CLK
---------------
0.650464 0.847952 latency
        0.197487 skew

fall -> fall
    min     max
0.000000 0.000000 source latency
0.610737         network latency _28007_/CLK
        0.796667 network latency _29338_/CLK
---------------
0.610737 0.796667 latency
        0.185930 skew



===========================================================================
report_clock_min_period
============================================================================
clk period_min = 5.28 fmax = 189.35
Clock: A_in_serial_clk
Sources: A_in_serial_clk 
Generated: no
Virtual: yes
Propagated: no
Period: 20.000000

===========================================================================
report_clock_properties
============================================================================
Clock                   Period          Waveform
----------------------------------------------------
A_in_serial_clk      20.000000    0.000000  1.000000

===========================================================================
report_clock_latency
============================================================================
Clock A_in_serial_clk
rise -> rise
    min     max
0.000000 0.000000 source latency
0.444975         network latency _26299_/CLK
        0.468750 network latency _26226_/CLK
---------------
0.444975 0.468750 latency
        0.023775 skew

fall -> fall
    min     max
0.000000 0.000000 source latency
0.465042         network latency _26299_/CLK
        0.481549 network latency _26226_/CLK
---------------
0.465042 0.481549 latency
        0.016507 skew



===========================================================================
report_clock_min_period
============================================================================
A_in_serial_clk period_min = 2.85 fmax = 350.60
Clock: B_in_serial_clk
Sources: B_in_serial_clk 
Generated: no
Virtual: yes
Propagated: no
Period: 20.000000

===========================================================================
report_clock_properties
============================================================================
Clock                   Period          Waveform
----------------------------------------------------
B_in_serial_clk      20.000000    0.000000  1.000000

===========================================================================
report_clock_latency
============================================================================
Clock B_in_serial_clk
rise -> rise
    min     max
0.000000 0.000000 source latency
0.462970         network latency _26617_/CLK
        0.479211 network latency _26995_/CLK
---------------
0.462970 0.479211 latency
        0.016241 skew

fall -> fall
    min     max
0.000000 0.000000 source latency
0.477226         network latency _26648_/CLK
        0.488864 network latency _26995_/CLK
---------------
0.477226 0.488864 latency
        0.011637 skew



===========================================================================
report_clock_min_period
============================================================================
B_in_serial_clk period_min = 2.88 fmax = 347.65
