Clock: clk
Sources: clk 
Generated: no
Virtual: yes
Propagated: no
Period: 100.000000

===========================================================================
report_clock_properties
============================================================================
Clock                   Period          Waveform
----------------------------------------------------
clk                 100.000000    0.000000  5.000000

===========================================================================
report_clock_latency
============================================================================
Clock clk
rise -> rise
    min     max
0.000000 0.000000 source latency
0.584312         network latency _28007_/CLK
        0.744498 network latency _29195_/CLK
---------------
0.584312 0.744498 latency
        0.160186 skew

fall -> fall
    min     max
0.000000 0.000000 source latency
0.536512         network latency _28007_/CLK
        0.684008 network latency _29195_/CLK
---------------
0.536512 0.684008 latency
        0.147497 skew



===========================================================================
report_clock_min_period
============================================================================
clk period_min = 3.89 fmax = 256.91
Clock: A_in_serial_clk
Sources: A_in_serial_clk 
Generated: no
Virtual: yes
Propagated: no
Period: 20.000000

===========================================================================
report_clock_properties
============================================================================
Clock                   Period          Waveform
----------------------------------------------------
A_in_serial_clk      20.000000    0.000000  1.000000

===========================================================================
report_clock_latency
============================================================================
Clock A_in_serial_clk
rise -> rise
    min     max
0.000000 0.000000 source latency
0.337113         network latency _26299_/CLK
        0.367284 network latency _26226_/CLK
---------------
0.337113 0.367284 latency
        0.030171 skew

fall -> fall
    min     max
0.000000 0.000000 source latency
0.343915         network latency _26299_/CLK
        0.365010 network latency _26226_/CLK
---------------
0.343915 0.365010 latency
        0.021096 skew



===========================================================================
report_clock_min_period
============================================================================
A_in_serial_clk period_min = 2.04 fmax = 489.42
Clock: B_in_serial_clk
Sources: B_in_serial_clk 
Generated: no
Virtual: yes
Propagated: no
Period: 20.000000

===========================================================================
report_clock_properties
============================================================================
Clock                   Period          Waveform
----------------------------------------------------
B_in_serial_clk      20.000000    0.000000  1.000000

===========================================================================
report_clock_latency
============================================================================
Clock B_in_serial_clk
rise -> rise
    min     max
0.000000 0.000000 source latency
0.350263         network latency _26617_/CLK
        0.368956 network latency _26600_/CLK
---------------
0.350263 0.368956 latency
        0.018693 skew

fall -> fall
    min     max
0.000000 0.000000 source latency
0.353445         network latency _26617_/CLK
        0.366237 network latency _26600_/CLK
---------------
0.353445 0.366237 latency
        0.012792 skew



===========================================================================
report_clock_min_period
============================================================================
B_in_serial_clk period_min = 2.07 fmax = 483.96
