
===========================================================================
 report_power
============================================================================
======================= nom_ff_n40C_1v95 Corner ===================================

Group                    Internal    Switching      Leakage        Total
                            Power        Power        Power        Power (Watts)
------------------------------------------------------------------------
Sequential           4.088121e-03 6.878720e-04 6.198581e-08 4.776055e-03  49.7%
Combinational        1.102853e-03 1.064152e-03 7.947816e-08 2.167084e-03  22.6%
Clock                1.364230e-03 1.300074e-03 7.311923e-08 2.664377e-03  27.7%
Macro                0.000000e+00 0.000000e+00 0.000000e+00 0.000000e+00   0.0%
Pad                  0.000000e+00 0.000000e+00 0.000000e+00 0.000000e+00   0.0%
------------------------------------------------------------------------
Total                6.555192e-03 3.052101e-03 2.145811e-07 9.607507e-03 100.0%
                            68.2%        31.8%         0.0%

