Clock: clk
Sources: clk 
Generated: no
Virtual: yes
Propagated: no
Period: 100.000000

===========================================================================
report_clock_properties
============================================================================
Clock                   Period          Waveform
----------------------------------------------------
clk                 100.000000    0.000000  5.000000

===========================================================================
report_clock_latency
============================================================================
Clock clk
rise -> rise
    min     max
0.000000 0.000000 source latency
0.619303         network latency _28007_/CLK
        0.785272 network latency _29195_/CLK
---------------
0.619303 0.785272 latency
        0.165969 skew

fall -> fall
    min     max
0.000000 0.000000 source latency
0.571313         network latency _28007_/CLK
        0.723799 network latency _29195_/CLK
---------------
0.571313 0.723799 latency
        0.152486 skew



===========================================================================
report_clock_min_period
============================================================================
clk period_min = 3.94 fmax = 253.55
Clock: A_in_serial_clk
Sources: A_in_serial_clk 
Generated: no
Virtual: yes
Propagated: no
Period: 20.000000

===========================================================================
report_clock_properties
============================================================================
Clock                   Period          Waveform
----------------------------------------------------
A_in_serial_clk      20.000000    0.000000  1.000000

===========================================================================
report_clock_latency
============================================================================
Clock A_in_serial_clk
rise -> rise
    min     max
0.000000 0.000000 source latency
0.344628         network latency _26299_/CLK
        0.377724 network latency _26226_/CLK
---------------
0.344628 0.377724 latency
        0.033095 skew

fall -> fall
    min     max
0.000000 0.000000 source latency
0.350855         network latency _26299_/CLK
        0.374242 network latency _26226_/CLK
---------------
0.350855 0.374242 latency
        0.023387 skew



===========================================================================
report_clock_min_period
============================================================================
A_in_serial_clk period_min = 2.10 fmax = 475.97
Clock: B_in_serial_clk
Sources: B_in_serial_clk 
Generated: no
Virtual: yes
Propagated: no
Period: 20.000000

===========================================================================
report_clock_properties
============================================================================
Clock                   Period          Waveform
----------------------------------------------------
B_in_serial_clk      20.000000    0.000000  1.000000

===========================================================================
report_clock_latency
============================================================================
Clock B_in_serial_clk
rise -> rise
    min     max
0.000000 0.000000 source latency
0.359441         network latency _27050_/CLK
        0.379565 network latency _26600_/CLK
---------------
0.359441 0.379565 latency
        0.020125 skew

fall -> fall
    min     max
0.000000 0.000000 source latency
0.360923         network latency _27050_/CLK
        0.375644 network latency _26600_/CLK
---------------
0.360923 0.375644 latency
        0.014721 skew



===========================================================================
report_clock_min_period
============================================================================
B_in_serial_clk period_min = 2.12 fmax = 471.97
