
===========================================================================
 report_power
============================================================================
======================= max_ff_n40C_1v95 Corner ===================================

Group                    Internal    Switching      Leakage        Total
                            Power        Power        Power        Power (Watts)
------------------------------------------------------------------------
Sequential           4.087939e-03 7.100698e-04 6.198581e-08 4.798071e-03  49.4%
Combinational        1.107160e-03 1.098482e-03 7.947816e-08 2.205721e-03  22.7%
Clock                1.364478e-03 1.342607e-03 7.311923e-08 2.707158e-03  27.9%
Macro                0.000000e+00 0.000000e+00 0.000000e+00 0.000000e+00   0.0%
Pad                  0.000000e+00 0.000000e+00 0.000000e+00 0.000000e+00   0.0%
------------------------------------------------------------------------
Total                6.559581e-03 3.151160e-03 2.145811e-07 9.710955e-03 100.0%
                            67.5%        32.4%         0.0%

