Clock: clk
Sources: clk 
Generated: no
Virtual: yes
Propagated: no
Period: 100.000000

===========================================================================
report_clock_properties
============================================================================
Clock                   Period          Waveform
----------------------------------------------------
clk                 100.000000    0.000000  5.000000

===========================================================================
report_clock_latency
============================================================================
Clock clk
rise -> rise
    min     max
0.000000 0.000000 source latency
0.361286         network latency _26469_/CLK
        0.788993 network latency _29278_/CLK
---------------
0.361286 0.788993 latency
        0.427707 skew

fall -> fall
    min     max
0.000000 0.000000 source latency
0.340157         network latency _26469_/CLK
        0.743110 network latency _29278_/CLK
---------------
0.340157 0.743110 latency
        0.402953 skew



===========================================================================
report_clock_min_period
============================================================================
clk period_min = 74.36 fmax = 13.45
Clock: A_in_serial_clk
Sources: A_in_serial_clk 
Generated: no
Virtual: yes
Propagated: no
Period: 20.000000

===========================================================================
report_clock_properties
============================================================================
Clock                   Period          Waveform
----------------------------------------------------
A_in_serial_clk      20.000000    0.000000  1.000000

===========================================================================
report_clock_latency
============================================================================
Clock A_in_serial_clk
rise -> rise
    min     max
0.000000 0.000000 source latency
0.002339         network latency _26895_/CLK
        0.025138 network latency _26301_/CLK
---------------
0.002339 0.025138 latency
        0.022798 skew

fall -> fall
    min     max
0.000000 0.000000 source latency
0.002202         network latency _26895_/CLK
        0.023660 network latency _26301_/CLK
---------------
0.002202 0.023660 latency
        0.021458 skew



===========================================================================
report_clock_min_period
============================================================================
A_in_serial_clk period_min = 5.99 fmax = 166.98
Clock: B_in_serial_clk
Sources: B_in_serial_clk 
Generated: no
Virtual: yes
Propagated: no
Period: 20.000000

===========================================================================
report_clock_properties
============================================================================
Clock                   Period          Waveform
----------------------------------------------------
B_in_serial_clk      20.000000    0.000000  1.000000

===========================================================================
report_clock_latency
============================================================================
Clock B_in_serial_clk
rise -> rise
    min     max
0.000000 0.000000 source latency
0.002661         network latency _26727_/CLK
        0.028187 network latency _26621_/CLK
---------------
0.002661 0.028187 latency
        0.025526 skew

fall -> fall
    min     max
0.000000 0.000000 source latency
0.002505         network latency _26727_/CLK
        0.026534 network latency _26621_/CLK
---------------
0.002505 0.026534 latency
        0.024029 skew



===========================================================================
report_clock_min_period
============================================================================
B_in_serial_clk period_min = 6.02 fmax = 166.16
