
===========================================================================
 report_power
============================================================================
======================= nom_tt_025C_1v80 Corner ===================================

Group                    Internal    Switching      Leakage        Total
                            Power        Power        Power        Power (Watts)
------------------------------------------------------------------------
Sequential           3.713589e-03 5.765808e-04 4.092466e-08 4.290211e-03  67.7%
Combinational        1.356789e-03 6.913967e-04 5.803880e-08 2.048243e-03  32.3%
Clock                2.853821e-07 3.746808e-08 1.580099e-09 3.244303e-07   0.0%
Macro                0.000000e+00 0.000000e+00 0.000000e+00 0.000000e+00   0.0%
Pad                  0.000000e+00 0.000000e+00 0.000000e+00 0.000000e+00   0.0%
------------------------------------------------------------------------
Total                5.070661e-03 1.268016e-03 1.005413e-07 6.338778e-03 100.0%
                            80.0%        20.0%         0.0%
Writing metric power__internal__total: 0.005070660728961229
Writing metric power__switching__total: 0.0012680164072662592
Writing metric power__leakage__total: 1.0054132815184857e-7
Writing metric power__total: 0.006338777951896191

