Clock: clk
Sources: clk 
Generated: no
Virtual: yes
Propagated: no
Period: 10.000000

===========================================================================
report_clock_properties
============================================================================
Clock                   Period          Waveform
----------------------------------------------------
clk                  10.000000    0.000000  5.000000

===========================================================================
report_clock_latency
============================================================================
Clock clk
rise -> rise
    min     max
0.000000 0.000000 source latency
0.275798         network latency _1066_/CLK
        0.281538 network latency _1394_/CLK
---------------
0.275798 0.281538 latency
        0.005740 skew

fall -> fall
    min     max
0.000000 0.000000 source latency
0.298423         network latency _1066_/CLK
        0.302993 network latency _1394_/CLK
---------------
0.298423 0.302993 latency
        0.004571 skew



===========================================================================
report_clock_min_period
============================================================================
clk period_min = 2.06 fmax = 485.54
Clock: A_in_serial_clk
Sources: A_in_serial_clk 
Generated: no
Virtual: yes
Propagated: no
Period: 2.000000

===========================================================================
report_clock_properties
============================================================================
Clock                   Period          Waveform
----------------------------------------------------
A_in_serial_clk       2.000000    0.000000  1.000000

===========================================================================
report_clock_latency
============================================================================
Clock A_in_serial_clk
rise -> rise
    min     max
0.000000 0.000000 source latency
0.328812         network latency _1098_/CLK
        0.338014 network latency _1154_/CLK
---------------
0.328812 0.338014 latency
        0.009203 skew

fall -> fall
    min     max
0.000000 0.000000 source latency
0.328775         network latency _1098_/CLK
        0.335693 network latency _1154_/CLK
---------------
0.328775 0.335693 latency
        0.006917 skew



===========================================================================
report_clock_min_period
============================================================================
A_in_serial_clk period_min = 1.55 fmax = 645.78
Clock: B_in_serial_clk
Sources: B_in_serial_clk 
Generated: no
Virtual: yes
Propagated: no
Period: 2.000000

===========================================================================
report_clock_properties
============================================================================
Clock                   Period          Waveform
----------------------------------------------------
B_in_serial_clk       2.000000    0.000000  1.000000

===========================================================================
report_clock_latency
============================================================================
Clock B_in_serial_clk
rise -> rise
    min     max
0.000000 0.000000 source latency
0.337900         network latency _1236_/CLK
        0.345388 network latency _1354_/CLK
---------------
0.337900 0.345388 latency
        0.007488 skew

fall -> fall
    min     max
0.000000 0.000000 source latency
0.334679         network latency _1236_/CLK
        0.340482 network latency _1354_/CLK
---------------
0.334679 0.340482 latency
        0.005803 skew



===========================================================================
report_clock_min_period
============================================================================
B_in_serial_clk period_min = 1.52 fmax = 659.85
