
===========================================================================
 report_power
============================================================================
======================= nom_tt_025C_1v80 Corner ===================================

Group                    Internal    Switching      Leakage        Total
                            Power        Power        Power        Power (Watts)
------------------------------------------------------------------------
Sequential           8.544409e-03 1.248713e-03 4.301913e-09 9.793126e-03  50.5%
Combinational        3.213233e-03 1.414155e-03 3.538837e-09 4.627391e-03  23.9%
Clock                2.944243e-03 2.015212e-03 9.411695e-10 4.959456e-03  25.6%
Macro                0.000000e+00 0.000000e+00 0.000000e+00 0.000000e+00   0.0%
Pad                  0.000000e+00 0.000000e+00 0.000000e+00 0.000000e+00   0.0%
------------------------------------------------------------------------
Total                1.470188e-02 4.678079e-03 8.781932e-09 1.937997e-02 100.0%
                            75.9%        24.1%         0.0%
Writing metric power__internal__total: 0.014701880514621735
Writing metric power__switching__total: 0.004678079392760992
Writing metric power__leakage__total: 8.781931626344885e-9
Writing metric power__total: 0.01937996968626976

