Clock: clk
Sources: clk 
Generated: no
Virtual: yes
Propagated: no
Period: 100.000000

===========================================================================
report_clock_properties
============================================================================
Clock                   Period          Waveform
----------------------------------------------------
clk                 100.000000    0.000000  5.000000

===========================================================================
report_clock_latency
============================================================================
Clock clk
rise -> rise
    min     max
0.000000 0.000000 source latency
0.876478         network latency _28007_/CLK
        1.116548 network latency _29195_/CLK
---------------
0.876478 1.116548 latency
        0.240070 skew

fall -> fall
    min     max
0.000000 0.000000 source latency
0.791885         network latency _28007_/CLK
        1.010212 network latency _29195_/CLK
---------------
0.791885 1.010212 latency
        0.218327 skew



===========================================================================
report_clock_min_period
============================================================================
clk period_min = 5.95 fmax = 168.19
Clock: A_in_serial_clk
Sources: A_in_serial_clk 
Generated: no
Virtual: yes
Propagated: no
Period: 20.000000

===========================================================================
report_clock_properties
============================================================================
Clock                   Period          Waveform
----------------------------------------------------
A_in_serial_clk      20.000000    0.000000  1.000000

===========================================================================
report_clock_latency
============================================================================
Clock A_in_serial_clk
rise -> rise
    min     max
0.000000 0.000000 source latency
0.495460         network latency _26299_/CLK
        0.538602 network latency _26226_/CLK
---------------
0.495460 0.538602 latency
        0.043142 skew

fall -> fall
    min     max
0.000000 0.000000 source latency
0.505232         network latency _26299_/CLK
        0.536480 network latency _26226_/CLK
---------------
0.505232 0.536480 latency
        0.031248 skew



===========================================================================
report_clock_min_period
============================================================================
A_in_serial_clk period_min = 3.21 fmax = 312.00
Clock: B_in_serial_clk
Sources: B_in_serial_clk 
Generated: no
Virtual: yes
Propagated: no
Period: 20.000000

===========================================================================
report_clock_properties
============================================================================
Clock                   Period          Waveform
----------------------------------------------------
B_in_serial_clk      20.000000    0.000000  1.000000

===========================================================================
report_clock_latency
============================================================================
Clock B_in_serial_clk
rise -> rise
    min     max
0.000000 0.000000 source latency
0.515782         network latency _27050_/CLK
        0.541925 network latency _26600_/CLK
---------------
0.515782 0.541925 latency
        0.026143 skew

fall -> fall
    min     max
0.000000 0.000000 source latency
0.519266         network latency _27050_/CLK
        0.538587 network latency _26600_/CLK
---------------
0.519266 0.538587 latency
        0.019321 skew



===========================================================================
report_clock_min_period
============================================================================
B_in_serial_clk period_min = 3.24 fmax = 308.22
