
===========================================================================
 report_power
============================================================================
======================= max_tt_025C_1v80 Corner ===================================

Group                    Internal    Switching      Leakage        Total
                            Power        Power        Power        Power (Watts)
------------------------------------------------------------------------
Sequential           3.526413e-03 5.908534e-04 4.508756e-08 4.117312e-03  49.3%
Combinational        9.924781e-04 9.181029e-04 4.910221e-08 1.910630e-03  22.9%
Clock                1.194645e-03 1.124937e-03 4.206129e-08 2.319624e-03  27.8%
Macro                0.000000e+00 0.000000e+00 0.000000e+00 0.000000e+00   0.0%
Pad                  0.000000e+00 0.000000e+00 0.000000e+00 0.000000e+00   0.0%
------------------------------------------------------------------------
Total                5.713542e-03 2.633891e-03 1.362475e-07 8.347569e-03 100.0%
                            68.4%        31.6%         0.0%

