
===========================================================================
 report_power
============================================================================
======================= nom_tt_025C_1v80 Corner ===================================

Group                    Internal    Switching      Leakage        Total
                            Power        Power        Power        Power (Watts)
------------------------------------------------------------------------
Sequential           3.526533e-03 5.719387e-04 4.508756e-08 4.098516e-03  49.6%
Combinational        9.916109e-04 8.888497e-04 4.910221e-08 1.880510e-03  22.8%
Clock                1.194468e-03 1.088694e-03 4.206129e-08 2.283205e-03  27.6%
Macro                0.000000e+00 0.000000e+00 0.000000e+00 0.000000e+00   0.0%
Pad                  0.000000e+00 0.000000e+00 0.000000e+00 0.000000e+00   0.0%
------------------------------------------------------------------------
Total                5.712623e-03 2.549482e-03 1.362475e-07 8.262241e-03 100.0%
                            69.1%        30.9%         0.0%

