                                                                     Buffers by Cell Master                                                                     
┏━━━━━━━━━━━━━━━━━━━━━━━━━━━━━━━━━━━━━━━━━━━━━━━━━━━━━━━━━━━━━━━━━━━━━━━━━━━━━━━━━━━━━━━━━━━━━━━━━━━━━━━━━━━━━━━━━━━━━━━━━━━━━━━━━━┳━━━━━━━━━━━━━━━━━━━━━━━━━━━┓
┃ Buffer                                                                                                                           ┃ Count                     ┃
┡━━━━━━━━━━━━━━━━━━━━━━━━━━━━━━━━━━━━━━━━━━━━━━━━━━━━━━━━━━━━━━━━━━━━━━━━━━━━━━━━━━━━━━━━━━━━━━━━━━━━━━━━━━━━━━━━━━━━━━━━━━━━━━━━━━╇━━━━━━━━━━━━━━━━━━━━━━━━━━━┩
│ sky130_fd_sc_hd__buf_1                                                                                                           │ 8                         │
│ sky130_fd_sc_hd__buf_12                                                                                                          │ 11                        │
│ sky130_fd_sc_hd__buf_2                                                                                                           │ 4                         │
│ sky130_fd_sc_hd__buf_4                                                                                                           │ 1                         │
│ sky130_fd_sc_hd__buf_6                                                                                                           │ 9                         │
│ sky130_fd_sc_hd__buf_8                                                                                                           │ 10                        │
│ sky130_fd_sc_hd__clkbuf_1                                                                                                        │ 3                         │
│ sky130_fd_sc_hd__clkbuf_16                                                                                                       │ 21                        │
│ sky130_fd_sc_hd__clkbuf_2                                                                                                        │ 10                        │
│ sky130_fd_sc_hd__clkbuf_4                                                                                                        │ 2                         │
│ sky130_fd_sc_hd__clkbuf_8                                                                                                        │ 36                        │
│ sky130_fd_sc_hd__dlygate4sd1_1                                                                                                   │ 14                        │
│ sky130_fd_sc_hd__dlymetal6s2s_1                                                                                                  │ 12                        │
│ sky130_fd_sc_hd__dlymetal6s4s_1                                                                                                  │ 1                         │
└──────────────────────────────────────────────────────────────────────────────────────────────────────────────────────────────────┴───────────────────────────┘
