Clock: clk
Sources: clk 
Generated: no
Virtual: yes
Propagated: no
Period: 100.000000

===========================================================================
report_clock_properties
============================================================================
Clock                   Period          Waveform
----------------------------------------------------
clk                 100.000000    0.000000  5.000000

===========================================================================
report_clock_latency
============================================================================
Clock clk
rise -> rise
    min     max
0.000000 0.000000 source latency
1.334028         network latency _28007_/CLK
        1.728014 network latency _29195_/CLK
---------------
1.334028 1.728014 latency
        0.393987 skew

fall -> fall
    min     max
0.000000 0.000000 source latency
1.225077         network latency _28007_/CLK
        1.585922 network latency _29195_/CLK
---------------
1.225077 1.585922 latency
        0.360845 skew



===========================================================================
report_clock_min_period
============================================================================
clk period_min = 10.73 fmax = 93.22
Clock: A_in_serial_clk
Sources: A_in_serial_clk 
Generated: no
Virtual: yes
Propagated: no
Period: 20.000000

===========================================================================
report_clock_properties
============================================================================
Clock                   Period          Waveform
----------------------------------------------------
A_in_serial_clk      20.000000    0.000000  1.000000

===========================================================================
report_clock_latency
============================================================================
Clock A_in_serial_clk
rise -> rise
    min     max
0.000000 0.000000 source latency
0.829073         network latency _26299_/CLK
        0.882163 network latency _26226_/CLK
---------------
0.829073 0.882163 latency
        0.053090 skew

fall -> fall
    min     max
0.000000 0.000000 source latency
0.857937         network latency _26299_/CLK
        0.897208 network latency _26226_/CLK
---------------
0.857937 0.897208 latency
        0.039270 skew



===========================================================================
report_clock_min_period
============================================================================
A_in_serial_clk period_min = 5.88 fmax = 169.98
Clock: B_in_serial_clk
Sources: B_in_serial_clk 
Generated: no
Virtual: yes
Propagated: no
Period: 20.000000

===========================================================================
report_clock_properties
============================================================================
Clock                   Period          Waveform
----------------------------------------------------
B_in_serial_clk      20.000000    0.000000  1.000000

===========================================================================
report_clock_latency
============================================================================
Clock B_in_serial_clk
rise -> rise
    min     max
0.000000 0.000000 source latency
0.854964         network latency _26617_/CLK
        0.889827 network latency _26600_/CLK
---------------
0.854964 0.889827 latency
        0.034864 skew

fall -> fall
    min     max
0.000000 0.000000 source latency
0.875726         network latency _26617_/CLK
        0.901661 network latency _26600_/CLK
---------------
0.875726 0.901661 latency
        0.025935 skew



===========================================================================
report_clock_min_period
============================================================================
B_in_serial_clk period_min = 5.98 fmax = 167.28
