
===========================================================================
 report_power
============================================================================
======================= min_ss_100C_1v60 Corner ===================================

Group                    Internal    Switching      Leakage        Total
                            Power        Power        Power        Power (Watts)
------------------------------------------------------------------------
Sequential           2.730762e-03 4.269423e-04 6.391331e-05 3.221617e-03  49.3%
Combinational        8.004923e-04 6.606944e-04 5.833520e-05 1.519522e-03  23.2%
Clock                9.798508e-04 8.116957e-04 8.379637e-06 1.799926e-03  27.5%
Macro                0.000000e+00 0.000000e+00 0.000000e+00 0.000000e+00   0.0%
Pad                  0.000000e+00 0.000000e+00 0.000000e+00 0.000000e+00   0.0%
------------------------------------------------------------------------
Total                4.511110e-03 1.899330e-03 1.306301e-04 6.541071e-03 100.0%
                            69.0%        29.0%         2.0%

