
===========================================================================
 report_power
============================================================================
======================= nom_tt_025C_1v80 Corner ===================================

Group                    Internal    Switching      Leakage        Total
                            Power        Power        Power        Power (Watts)
------------------------------------------------------------------------
Sequential           9.041958e-03 9.897590e-04 3.882551e-09 1.003172e-02  79.3%
Combinational        1.945545e-03 6.696516e-04 3.960953e-09 2.615200e-03  20.7%
Clock                2.571072e-06 0.000000e+00 3.934150e-12 2.571076e-06   0.0%
Macro                0.000000e+00 0.000000e+00 0.000000e+00 0.000000e+00   0.0%
Pad                  0.000000e+00 0.000000e+00 0.000000e+00 0.000000e+00   0.0%
------------------------------------------------------------------------
Total                1.099006e-02 1.659404e-03 7.847456e-09 1.264947e-02 100.0%
                            86.9%        13.1%         0.0%

