
===========================================================================
 report_power
============================================================================
======================= max_tt_025C_1v80 Corner ===================================

Group                    Internal    Switching      Leakage        Total
                            Power        Power        Power        Power (Watts)
------------------------------------------------------------------------
Sequential           8.542506e-03 1.297896e-03 4.301913e-09 9.840407e-03  50.1%
Combinational        3.210705e-03 1.440132e-03 3.538837e-09 4.650841e-03  23.7%
Clock                2.944274e-03 2.189372e-03 3.212458e-09 5.133650e-03  26.2%
Macro                0.000000e+00 0.000000e+00 0.000000e+00 0.000000e+00   0.0%
Pad                  0.000000e+00 0.000000e+00 0.000000e+00 0.000000e+00   0.0%
------------------------------------------------------------------------
Total                1.469749e-02 4.927401e-03 1.105319e-08 1.962490e-02 100.0%
                            74.9%        25.1%         0.0%

