
===========================================================================
 report_power
============================================================================
======================= nom_ff_n40C_1v95 Corner ===================================

Group                    Internal    Switching      Leakage        Total
                            Power        Power        Power        Power (Watts)
------------------------------------------------------------------------
Sequential           1.047686e-02 1.212450e-03 6.825990e-09 1.168931e-02  79.1%
Combinational        2.265708e-03 8.114641e-04 5.368753e-09 3.077177e-03  20.8%
Clock                2.927355e-06 0.000000e+00 1.023450e-11 2.927366e-06   0.0%
Macro                0.000000e+00 0.000000e+00 0.000000e+00 0.000000e+00   0.0%
Pad                  0.000000e+00 0.000000e+00 0.000000e+00 0.000000e+00   0.0%
------------------------------------------------------------------------
Total                1.274548e-02 2.023914e-03 1.220498e-08 1.476941e-02 100.0%
                            86.3%        13.7%         0.0%

