Clock: clk
Sources: clk 
Generated: no
Virtual: yes
Propagated: no
Period: 100.000000

===========================================================================
report_clock_properties
============================================================================
Clock                   Period          Waveform
----------------------------------------------------
clk                 100.000000    0.000000  5.000000

===========================================================================
report_clock_latency
============================================================================
Clock clk
rise -> rise
    min     max
0.000000 0.000000 source latency
0.552324         network latency _28007_/CLK
        0.707820 network latency _29195_/CLK
---------------
0.552324 0.707820 latency
        0.155496 skew

fall -> fall
    min     max
0.000000 0.000000 source latency
0.507847         network latency _28007_/CLK
        0.651663 network latency _29195_/CLK
---------------
0.507847 0.651663 latency
        0.143816 skew



===========================================================================
report_clock_min_period
============================================================================
clk period_min = 3.84 fmax = 260.34
Clock: A_in_serial_clk
Sources: A_in_serial_clk 
Generated: no
Virtual: yes
Propagated: no
Period: 20.000000

===========================================================================
report_clock_properties
============================================================================
Clock                   Period          Waveform
----------------------------------------------------
A_in_serial_clk      20.000000    0.000000  1.000000

===========================================================================
report_clock_latency
============================================================================
Clock A_in_serial_clk
rise -> rise
    min     max
0.000000 0.000000 source latency
0.329568         network latency _26299_/CLK
        0.357032 network latency _26226_/CLK
---------------
0.329568 0.357032 latency
        0.027464 skew

fall -> fall
    min     max
0.000000 0.000000 source latency
0.337460         network latency _26299_/CLK
        0.356472 network latency _26226_/CLK
---------------
0.337460 0.356472 latency
        0.019012 skew



===========================================================================
report_clock_min_period
============================================================================
A_in_serial_clk period_min = 2.00 fmax = 500.30
Clock: B_in_serial_clk
Sources: B_in_serial_clk 
Generated: no
Virtual: yes
Propagated: no
Period: 20.000000

===========================================================================
report_clock_properties
============================================================================
Clock                   Period          Waveform
----------------------------------------------------
B_in_serial_clk      20.000000    0.000000  1.000000

===========================================================================
report_clock_latency
============================================================================
Clock B_in_serial_clk
rise -> rise
    min     max
0.000000 0.000000 source latency
0.342031         network latency _26617_/CLK
        0.359506 network latency _26600_/CLK
---------------
0.342031 0.359506 latency
        0.017475 skew

fall -> fall
    min     max
0.000000 0.000000 source latency
0.346222         network latency _26617_/CLK
        0.358209 network latency _26600_/CLK
---------------
0.346222 0.358209 latency
        0.011987 skew



===========================================================================
report_clock_min_period
============================================================================
B_in_serial_clk period_min = 2.02 fmax = 494.18
