Clock: clk
Sources: clk 
Generated: no
Virtual: yes
Propagated: no
Period: 10.000000

===========================================================================
report_clock_properties
============================================================================
Clock                   Period          Waveform
----------------------------------------------------
clk                  10.000000    0.000000  5.000000

===========================================================================
report_clock_latency
============================================================================
Clock clk
rise -> rise
    min     max
0.000000 0.000000 source latency
0.198488         network latency _1392_/CLK
        0.204249 network latency _1396_/CLK
---------------
0.198488 0.204249 latency
        0.005761 skew

fall -> fall
    min     max
0.000000 0.000000 source latency
0.211348         network latency _1392_/CLK
        0.215700 network latency _1396_/CLK
---------------
0.211348 0.215700 latency
        0.004352 skew



===========================================================================
report_clock_min_period
============================================================================
clk period_min = 1.29 fmax = 774.64
Clock: A_in_serial_clk
Sources: A_in_serial_clk 
Generated: no
Virtual: yes
Propagated: no
Period: 2.000000

===========================================================================
report_clock_properties
============================================================================
Clock                   Period          Waveform
----------------------------------------------------
A_in_serial_clk       2.000000    0.000000  1.000000

===========================================================================
report_clock_latency
============================================================================
Clock A_in_serial_clk
rise -> rise
    min     max
0.000000 0.000000 source latency
0.243685         network latency _1098_/CLK
        0.256078 network latency _1203_/CLK
---------------
0.243685 0.256078 latency
        0.012393 skew

fall -> fall
    min     max
0.000000 0.000000 source latency
0.239587         network latency _1098_/CLK
        0.249693 network latency _1200_/CLK
---------------
0.239587 0.249693 latency
        0.010107 skew



===========================================================================
report_clock_min_period
============================================================================
A_in_serial_clk period_min = 1.01 fmax = 994.16
Clock: B_in_serial_clk
Sources: B_in_serial_clk 
Generated: no
Virtual: yes
Propagated: no
Period: 2.000000

===========================================================================
report_clock_properties
============================================================================
Clock                   Period          Waveform
----------------------------------------------------
B_in_serial_clk       2.000000    0.000000  1.000000

===========================================================================
report_clock_latency
============================================================================
Clock B_in_serial_clk
rise -> rise
    min     max
0.000000 0.000000 source latency
0.249271         network latency _1329_/CLK
        0.258916 network latency _1244_/CLK
---------------
0.249271 0.258916 latency
        0.009645 skew

fall -> fall
    min     max
0.000000 0.000000 source latency
0.242795         network latency _1329_/CLK
        0.250247 network latency _1368_/CLK
---------------
0.242795 0.250247 latency
        0.007452 skew



===========================================================================
report_clock_min_period
============================================================================
B_in_serial_clk period_min = 1.01 fmax = 993.90
