
===========================================================================
 report_power
============================================================================
======================= max_ff_n40C_1v95 Corner ===================================

Group                    Internal    Switching      Leakage        Total
                            Power        Power        Power        Power (Watts)
------------------------------------------------------------------------
Sequential           9.895988e-03 1.552521e-03 5.207013e-09 1.144851e-02  50.3%
Combinational        3.624226e-03 1.722695e-03 6.305425e-09 5.346928e-03  23.5%
Clock                3.359227e-03 2.620849e-03 5.586742e-09 5.980081e-03  26.3%
Macro                0.000000e+00 0.000000e+00 0.000000e+00 0.000000e+00   0.0%
Pad                  0.000000e+00 0.000000e+00 0.000000e+00 0.000000e+00   0.0%
------------------------------------------------------------------------
Total                1.687944e-02 5.896067e-03 1.709921e-08 2.277552e-02 100.0%
                            74.1%        25.9%         0.0%

