
===========================================================================
 report_power
============================================================================
======================= nom_ss_100C_1v60 Corner ===================================

Group                    Internal    Switching      Leakage        Total
                            Power        Power        Power        Power (Watts)
------------------------------------------------------------------------
Sequential           2.934487e-03 3.539614e-04 6.583703e-05 3.354285e-03  70.8%
Combinational        8.707880e-04 4.429767e-04 7.196084e-05 1.385725e-03  29.2%
Clock                2.115385e-07 0.000000e+00 6.502777e-09 2.180412e-07   0.0%
Macro                0.000000e+00 0.000000e+00 0.000000e+00 0.000000e+00   0.0%
Pad                  0.000000e+00 0.000000e+00 0.000000e+00 0.000000e+00   0.0%
------------------------------------------------------------------------
Total                3.805488e-03 7.969375e-04 1.378037e-04 4.740229e-03 100.0%
                            80.3%        16.8%         2.9%

