Clock: clk
Sources: clk 
Generated: no
Virtual: yes
Propagated: no
Period: 100.000000

===========================================================================
report_clock_properties
============================================================================
Clock                   Period          Waveform
----------------------------------------------------
clk                 100.000000    0.000000  5.000000

===========================================================================
report_clock_latency
============================================================================
Clock clk
rise -> rise
    min     max
0.000000 0.000000 source latency
0.675751         network latency _28007_/CLK
        0.885982 network latency _28761_/CLK
---------------
0.675751 0.885982 latency
        0.210231 skew

fall -> fall
    min     max
0.000000 0.000000 source latency
0.634986         network latency _28007_/CLK
        0.830887 network latency _28761_/CLK
---------------
0.634986 0.830887 latency
        0.195902 skew



===========================================================================
report_clock_min_period
============================================================================
clk period_min = 5.43 fmax = 184.01
Clock: A_in_serial_clk
Sources: A_in_serial_clk 
Generated: no
Virtual: yes
Propagated: no
Period: 20.000000

===========================================================================
report_clock_properties
============================================================================
Clock                   Period          Waveform
----------------------------------------------------
A_in_serial_clk      20.000000    0.000000  1.000000

===========================================================================
report_clock_latency
============================================================================
Clock A_in_serial_clk
rise -> rise
    min     max
0.000000 0.000000 source latency
0.454620         network latency _26271_/CLK
        0.483622 network latency _26221_/CLK
---------------
0.454620 0.483622 latency
        0.029002 skew

fall -> fall
    min     max
0.000000 0.000000 source latency
0.473111         network latency _26271_/CLK
        0.493555 network latency _26221_/CLK
---------------
0.473111 0.493555 latency
        0.020444 skew



===========================================================================
report_clock_min_period
============================================================================
A_in_serial_clk period_min = 2.97 fmax = 337.02
Clock: B_in_serial_clk
Sources: B_in_serial_clk 
Generated: no
Virtual: yes
Propagated: no
Period: 20.000000

===========================================================================
report_clock_properties
============================================================================
Clock                   Period          Waveform
----------------------------------------------------
B_in_serial_clk      20.000000    0.000000  1.000000

===========================================================================
report_clock_latency
============================================================================
Clock B_in_serial_clk
rise -> rise
    min     max
0.000000 0.000000 source latency
0.471550         network latency _26648_/CLK
        0.491552 network latency _26605_/CLK
---------------
0.471550 0.491552 latency
        0.020002 skew

fall -> fall
    min     max
0.000000 0.000000 source latency
0.484318         network latency _26648_/CLK
        0.498912 network latency _26605_/CLK
---------------
0.484318 0.498912 latency
        0.014594 skew



===========================================================================
report_clock_min_period
============================================================================
B_in_serial_clk period_min = 3.00 fmax = 333.20
