
===========================================================================
 report_power
============================================================================
======================= nom_tt_025C_1v80 Corner ===================================

Group                    Internal    Switching      Leakage        Total
                            Power        Power        Power        Power (Watts)
------------------------------------------------------------------------
Sequential           3.527137e-03 5.395210e-04 4.508756e-08 4.066704e-03  50.2%
Combinational        9.947680e-04 8.538647e-04 4.910221e-08 1.848682e-03  22.8%
Clock                1.194225e-03 9.937041e-04 6.695226e-09 2.187936e-03  27.0%
Macro                0.000000e+00 0.000000e+00 0.000000e+00 0.000000e+00   0.0%
Pad                  0.000000e+00 0.000000e+00 0.000000e+00 0.000000e+00   0.0%
------------------------------------------------------------------------
Total                5.716133e-03 2.387090e-03 1.008844e-07 8.103323e-03 100.0%
                            70.5%        29.5%         0.0%
Writing metric power__internal__total: 0.005716132931411266
Writing metric power__switching__total: 0.002387089654803276
Writing metric power__leakage__total: 1.0088436397381884e-7
Writing metric power__total: 0.0081033231690526

