                                                                       Cells by Function                                                                        
┏━━━━━━━━━━━━━━━━━━━━━━━━━━━━━━━━━━━━━━━━━━━━━━━━━━━━━━━━━━━━━━━━━━━━━━━━━━━━━━━━━━━━━━━━━━━━━━━━━━━━━━━━━━━━━━━━━━━━━━━━━━━━━━━━━┳━━━━━━━━━━━━━━━━━━━━━━━━━━━━┓
┃ Cell Function                                                                                                                   ┃ Count                      ┃
┡━━━━━━━━━━━━━━━━━━━━━━━━━━━━━━━━━━━━━━━━━━━━━━━━━━━━━━━━━━━━━━━━━━━━━━━━━━━━━━━━━━━━━━━━━━━━━━━━━━━━━━━━━━━━━━━━━━━━━━━━━━━━━━━━━╇━━━━━━━━━━━━━━━━━━━━━━━━━━━━┩
│ sky130_ef_sc_hd__decap                                                                                                          │ 8993                       │
│ sky130_fd_sc_hd__a2111o                                                                                                         │ 2                          │
│ sky130_fd_sc_hd__a211o                                                                                                          │ 126                        │
│ sky130_fd_sc_hd__a211oi                                                                                                         │ 27                         │
│ sky130_fd_sc_hd__a21bo                                                                                                          │ 203                        │
│ sky130_fd_sc_hd__a21boi                                                                                                         │ 24                         │
│ sky130_fd_sc_hd__a21o                                                                                                           │ 339                        │
│ sky130_fd_sc_hd__a21oi                                                                                                          │ 396                        │
│ sky130_fd_sc_hd__a221o                                                                                                          │ 513                        │
│ sky130_fd_sc_hd__a221oi                                                                                                         │ 4                          │
│ sky130_fd_sc_hd__a22o                                                                                                           │ 525                        │
│ sky130_fd_sc_hd__a22oi                                                                                                          │ 137                        │
│ sky130_fd_sc_hd__a2bb2o                                                                                                         │ 118                        │
│ sky130_fd_sc_hd__a311o                                                                                                          │ 2                          │
│ sky130_fd_sc_hd__a311oi                                                                                                         │ 19                         │
│ sky130_fd_sc_hd__a31o                                                                                                           │ 219                        │
│ sky130_fd_sc_hd__a31oi                                                                                                          │ 24                         │
│ sky130_fd_sc_hd__a32o                                                                                                           │ 276                        │
│ sky130_fd_sc_hd__a41o                                                                                                           │ 2                          │
│ sky130_fd_sc_hd__and2                                                                                                           │ 949                        │
│ sky130_fd_sc_hd__and2b                                                                                                          │ 250                        │
│ sky130_fd_sc_hd__and3                                                                                                           │ 318                        │
│ sky130_fd_sc_hd__and3b                                                                                                          │ 23                         │
│ sky130_fd_sc_hd__and4                                                                                                           │ 194                        │
│ sky130_fd_sc_hd__and4b                                                                                                          │ 72                         │
│ sky130_fd_sc_hd__and4bb                                                                                                         │ 5                          │
│ sky130_fd_sc_hd__buf                                                                                                            │ 89                         │
│ sky130_fd_sc_hd__bufinv                                                                                                         │ 50                         │
│ sky130_fd_sc_hd__clkbuf                                                                                                         │ 602                        │
│ sky130_fd_sc_hd__clkinv                                                                                                         │ 108                        │
│ sky130_fd_sc_hd__clkinvlp                                                                                                       │ 44                         │
│ sky130_fd_sc_hd__decap                                                                                                          │ 11401                      │
│ sky130_fd_sc_hd__dfrtp                                                                                                          │ 3144                       │
│ sky130_fd_sc_hd__dfxtp                                                                                                          │ 352                        │
│ sky130_fd_sc_hd__diode                                                                                                          │ 47                         │
│ sky130_fd_sc_hd__dlymetal6s2s                                                                                                   │ 1                          │
│ sky130_fd_sc_hd__fill                                                                                                           │ 8463                       │
│ sky130_fd_sc_hd__inv                                                                                                            │ 401                        │
│ sky130_fd_sc_hd__mux2                                                                                                           │ 2273                       │
│ sky130_fd_sc_hd__nand2                                                                                                          │ 1156                       │
│ sky130_fd_sc_hd__nand2b                                                                                                         │ 270                        │
│ sky130_fd_sc_hd__nand3                                                                                                          │ 162                        │
│ sky130_fd_sc_hd__nand3b                                                                                                         │ 3                          │
│ sky130_fd_sc_hd__nand4                                                                                                          │ 82                         │
│ sky130_fd_sc_hd__nor2                                                                                                           │ 706                        │
│ sky130_fd_sc_hd__nor3                                                                                                           │ 33                         │
│ sky130_fd_sc_hd__nor3b                                                                                                          │ 2                          │
│ sky130_fd_sc_hd__nor4                                                                                                           │ 3                          │
│ sky130_fd_sc_hd__nor4b                                                                                                          │ 1                          │
│ sky130_fd_sc_hd__o211a                                                                                                          │ 78                         │
│ sky130_fd_sc_hd__o211ai                                                                                                         │ 44                         │
│ sky130_fd_sc_hd__o21a                                                                                                           │ 252                        │
│ sky130_fd_sc_hd__o21ai                                                                                                          │ 199                        │
│ sky130_fd_sc_hd__o21ba                                                                                                          │ 146                        │
│ sky130_fd_sc_hd__o21bai                                                                                                         │ 30                         │
│ sky130_fd_sc_hd__o221a                                                                                                          │ 2                          │
│ sky130_fd_sc_hd__o22a                                                                                                           │ 8                          │
│ sky130_fd_sc_hd__o22ai                                                                                                          │ 1                          │
│ sky130_fd_sc_hd__o2bb2a                                                                                                         │ 98                         │
│ sky130_fd_sc_hd__o311a                                                                                                          │ 23                         │
│ sky130_fd_sc_hd__o311ai                                                                                                         │ 1                          │
│ sky130_fd_sc_hd__o31a                                                                                                           │ 51                         │
│ sky130_fd_sc_hd__o31ai                                                                                                          │ 15                         │
│ sky130_fd_sc_hd__o32a                                                                                                           │ 6                          │
│ sky130_fd_sc_hd__o41a                                                                                                           │ 30                         │
│ sky130_fd_sc_hd__or2                                                                                                            │ 666                        │
│ sky130_fd_sc_hd__or3                                                                                                            │ 126                        │
│ sky130_fd_sc_hd__or3b                                                                                                           │ 30                         │
│ sky130_fd_sc_hd__or4                                                                                                            │ 25                         │
│ sky130_fd_sc_hd__or4b                                                                                                           │ 4                          │
│ sky130_fd_sc_hd__tapvpwrvgnd                                                                                                    │ 6247                       │
│ sky130_fd_sc_hd__xnor2                                                                                                          │ 1065                       │
│ sky130_fd_sc_hd__xor2                                                                                                           │ 456                        │
└─────────────────────────────────────────────────────────────────────────────────────────────────────────────────────────────────┴────────────────────────────┘
