Clock: clk
Sources: clk 
Generated: no
Virtual: yes
Propagated: no
Period: 10.000000

===========================================================================
report_clock_properties
============================================================================
Clock                   Period          Waveform
----------------------------------------------------
clk                  10.000000    0.000000  5.000000

===========================================================================
report_clock_latency
============================================================================
Clock clk
rise -> rise
    min     max
0.000000 0.000000 source latency
0.271350         network latency _1392_/CLK
        0.273381 network latency _1071_/CLK
---------------
0.271350 0.273381 latency
        0.002031 skew

fall -> fall
    min     max
0.000000 0.000000 source latency
0.294797         network latency _1080_/CLK
        0.296504 network latency _1071_/CLK
---------------
0.294797 0.296504 latency
        0.001707 skew



===========================================================================
report_clock_min_period
============================================================================
clk period_min = 2.02 fmax = 496.13
Clock: A_in_serial_clk
Sources: A_in_serial_clk 
Generated: no
Virtual: yes
Propagated: no
Period: 2.000000

===========================================================================
report_clock_properties
============================================================================
Clock                   Period          Waveform
----------------------------------------------------
A_in_serial_clk       2.000000    0.000000  1.000000

===========================================================================
report_clock_latency
============================================================================
Clock A_in_serial_clk
rise -> rise
    min     max
0.000000 0.000000 source latency
0.318983         network latency _1098_/CLK
        0.325655 network latency _1092_/CLK
---------------
0.318983 0.325655 latency
        0.006672 skew

fall -> fall
    min     max
0.000000 0.000000 source latency
0.320723         network latency _1098_/CLK
        0.325711 network latency _1092_/CLK
---------------
0.320723 0.325711 latency
        0.004987 skew



===========================================================================
report_clock_min_period
============================================================================
A_in_serial_clk period_min = 2.00 fmax = 500.48
Clock: B_in_serial_clk
Sources: B_in_serial_clk 
Generated: no
Virtual: yes
Propagated: no
Period: 2.000000

===========================================================================
report_clock_properties
============================================================================
Clock                   Period          Waveform
----------------------------------------------------
B_in_serial_clk       2.000000    0.000000  1.000000

===========================================================================
report_clock_latency
============================================================================
Clock B_in_serial_clk
rise -> rise
    min     max
0.000000 0.000000 source latency
0.327918         network latency _1329_/CLK
        0.332829 network latency _1357_/CLK
---------------
0.327918 0.332829 latency
        0.004910 skew

fall -> fall
    min     max
0.000000 0.000000 source latency
0.326790         network latency _1329_/CLK
        0.330404 network latency _1357_/CLK
---------------
0.326790 0.330404 latency
        0.003614 skew



===========================================================================
report_clock_min_period
============================================================================
B_in_serial_clk period_min = 1.88 fmax = 533.08
