
===========================================================================
 report_power
============================================================================
======================= nom_tt_025C_1v80 Corner ===================================

Group                    Internal    Switching      Leakage        Total
                            Power        Power        Power        Power (Watts)
------------------------------------------------------------------------
Sequential           8.533631e-03 9.850597e-04 4.301912e-09 9.518696e-03  56.0%
Combinational        1.781743e-03 9.160644e-04 2.367708e-09 2.697810e-03  15.9%
Clock                2.941403e-03 1.840485e-03 9.411124e-10 4.781889e-03  28.1%
Macro                0.000000e+00 0.000000e+00 0.000000e+00 0.000000e+00   0.0%
Pad                  0.000000e+00 0.000000e+00 0.000000e+00 0.000000e+00   0.0%
------------------------------------------------------------------------
Total                1.325677e-02 3.741609e-03 7.610747e-09 1.699839e-02 100.0%
                            78.0%        22.0%         0.0%
Writing metric power__internal__total: 0.01325677428394556
Writing metric power__switching__total: 0.003741608699783683
Writing metric power__leakage__total: 7.610746699526771e-9
Writing metric power__total: 0.01699838973581791

