Clock: clk
Sources: clk 
Generated: no
Virtual: yes
Propagated: no
Period: 10.000000

===========================================================================
report_clock_properties
============================================================================
Clock                   Period          Waveform
----------------------------------------------------
clk                  10.000000    0.000000  5.000000

===========================================================================
report_clock_latency
============================================================================
Clock clk
rise -> rise
    min     max
0.000000 0.000000 source latency
0.271350         network latency _1392_/CLK
        0.273381 network latency _1071_/CLK
---------------
0.271350 0.273381 latency
        0.002031 skew

fall -> fall
    min     max
0.000000 0.000000 source latency
0.294797         network latency _1080_/CLK
        0.296504 network latency _1071_/CLK
---------------
0.294797 0.296504 latency
        0.001707 skew



===========================================================================
report_clock_min_period
============================================================================
clk period_min = 2.02 fmax = 496.13
Clock: A_in_serial_clk
Sources: A_in_serial_clk 
Generated: no
Virtual: yes
Propagated: no
Period: 2.000000

===========================================================================
report_clock_properties
============================================================================
Clock                   Period          Waveform
----------------------------------------------------
A_in_serial_clk       2.000000    0.000000  1.000000

===========================================================================
report_clock_latency
============================================================================
Clock A_in_serial_clk
rise -> rise
    min     max
0.000000 0.000000 source latency
0.319761         network latency _1098_/CLK
        0.327318 network latency _1092_/CLK
---------------
0.319761 0.327318 latency
        0.007558 skew

fall -> fall
    min     max
0.000000 0.000000 source latency
0.321305         network latency _1098_/CLK
        0.326919 network latency _1092_/CLK
---------------
0.321305 0.326919 latency
        0.005614 skew



===========================================================================
report_clock_min_period
============================================================================
A_in_serial_clk period_min = 1.51 fmax = 660.11
Clock: B_in_serial_clk
Sources: B_in_serial_clk 
Generated: no
Virtual: yes
Propagated: no
Period: 2.000000

===========================================================================
report_clock_properties
============================================================================
Clock                   Period          Waveform
----------------------------------------------------
B_in_serial_clk       2.000000    0.000000  1.000000

===========================================================================
report_clock_latency
============================================================================
Clock B_in_serial_clk
rise -> rise
    min     max
0.000000 0.000000 source latency
0.328649         network latency _1263_/CLK
        0.332900 network latency _1357_/CLK
---------------
0.328649 0.332900 latency
        0.004252 skew

fall -> fall
    min     max
0.000000 0.000000 source latency
0.327234         network latency _1263_/CLK
        0.330457 network latency _1357_/CLK
---------------
0.327234 0.330457 latency
        0.003223 skew



===========================================================================
report_clock_min_period
============================================================================
B_in_serial_clk period_min = 1.48 fmax = 677.32
