
===========================================================================
 report_power
============================================================================
======================= nom_tt_025C_1v80 Corner ===================================

Group                    Internal    Switching      Leakage        Total
                            Power        Power        Power        Power (Watts)
------------------------------------------------------------------------
Sequential           8.541131e-03 1.076122e-03 4.301913e-09 9.617258e-03  51.1%
Combinational        3.201590e-03 1.215717e-03 3.538837e-09 4.417311e-03  23.5%
Clock                2.941562e-03 1.849976e-03 9.411124e-10 4.791538e-03  25.5%
Macro                0.000000e+00 0.000000e+00 0.000000e+00 0.000000e+00   0.0%
Pad                  0.000000e+00 0.000000e+00 0.000000e+00 0.000000e+00   0.0%
------------------------------------------------------------------------
Total                1.468428e-02 4.141813e-03 8.781876e-09 1.882610e-02 100.0%
                            78.0%        22.0%         0.0%
Writing metric power__internal__total: 0.014684280380606651
Writing metric power__switching__total: 0.0041418131440877914
Writing metric power__leakage__total: 8.781875671104444e-9
Writing metric power__total: 0.01882610283792019

