
===========================================================================
 report_power
============================================================================
======================= max_ss_100C_1v60 Corner ===================================

Group                    Internal    Switching      Leakage        Total
                            Power        Power        Power        Power (Watts)
------------------------------------------------------------------------
Sequential           2.730229e-03 4.586970e-04 6.391331e-05 3.252839e-03  48.7%
Combinational        8.010470e-04 7.076933e-04 5.833520e-05 1.567075e-03  23.5%
Clock                9.797865e-04 8.695641e-04 8.379637e-06 1.857730e-03  27.8%
Macro                0.000000e+00 0.000000e+00 0.000000e+00 0.000000e+00   0.0%
Pad                  0.000000e+00 0.000000e+00 0.000000e+00 0.000000e+00   0.0%
------------------------------------------------------------------------
Total                4.511058e-03 2.035952e-03 1.306301e-04 6.677640e-03 100.0%
                            67.6%        30.5%         2.0%

